generate-floor 79 30 depth: 1 seed-input: 3
  rooms: 32 player-pos: [38 22]
  populating rooms
    populate room: [73 3]
    populate room: [36 4]
    populate room: [22 19]
    populate room: [71 24]
    populate room: [50 7]
    populate room: [22 5]
    populate room: [58 26]
    populate room: [41 22]
    populate room: [17 15]
    populate room: [11 23]
    populate room: [5 6]
    populate room: [73 6]
    populate room: [7 6]
    populate room: [61 25]
    populate room: [66 2]
    populate room: [55 15]
    populate room: [76 12]
    populate room: [76 18]
    populate room: [61 1]
    populate room: [42 14]
    populate room: [76 26]
    populate room: [31 11]
    populate room: [55 2]
    populate room: [2 14]
    populate room: [46 2]
    populate room: [2 23]
    populate room: [17 26]
    populate room: [27 16]
    populate room: [15 10]
    populate room: [11 17]
    populate room: [5 26]
  loot bag: 6 items
  rooms populated, running update-fov
  generate-floor done
generate-floor 79 30 depth: 1 seed-input: 3
  rooms: 32 player-pos: [38 22]
  populating rooms
    populate room: [73 3]
    populate room: [36 4]
    populate room: [22 19]
    populate room: [71 24]
    populate room: [50 7]
    populate room: [22 5]
    populate room: [58 26]
    populate room: [41 22]
    populate room: [17 15]
    populate room: [11 23]
    populate room: [5 6]
    populate room: [73 6]
    populate room: [7 6]
    populate room: [61 25]
    populate room: [66 2]
    populate room: [55 15]
    populate room: [76 12]
    populate room: [76 18]
    populate room: [61 1]
    populate room: [42 14]
    populate room: [76 26]
    populate room: [31 11]
    populate room: [55 2]
    populate room: [2 14]
    populate room: [46 2]
    populate room: [2 23]
    populate room: [17 26]
    populate room: [27 16]
    populate room: [15 10]
    populate room: [11 17]
    populate room: [5 26]
  loot bag: 6 items
  rooms populated, running update-fov
  generate-floor done
generate-floor 79 30 depth: 1 seed-input: 1
  rooms: 22 player-pos: [32 25]
  populating rooms
    populate room: [20 17]
    populate room: [20 9]
    populate room: [21 19]
    populate room: [69 19]
    populate room: [45 12]
    populate room: [69 7]
    populate room: [74 25]
    populate room: [1 10]
    populate room: [38 25]
    populate room: [13 24]
    populate room: [12 20]
    populate room: [59 4]
    populate room: [6 16]
    populate room: [51 4]
    populate room: [73 9]
    populate room: [64 11]
    populate room: [29 13]
    populate room: [60 22]
    populate room: [52 9]
    populate room: [44 3]
    populate room: [6 22]
  loot bag: 5 items
  rooms populated, running update-fov
  generate-floor done
generate-floor 79 30 depth: 1 seed-input: 1
  rooms: 22 player-pos: [32 25]
  populating rooms
    populate room: [20 17]
    populate room: [20 9]
    populate room: [21 19]
    populate room: [69 19]
    populate room: [45 12]
    populate room: [69 7]
    populate room: [74 25]
    populate room: [1 10]
    populate room: [38 25]
    populate room: [13 24]
    populate room: [12 20]
    populate room: [59 4]
    populate room: [6 16]
    populate room: [51 4]
    populate room: [73 9]
    populate room: [64 11]
    populate room: [29 13]
    populate room: [60 22]
    populate room: [52 9]
    populate room: [44 3]
    populate room: [6 22]
  loot bag: 5 items
  rooms populated, running update-fov
  generate-floor done
generate-floor 79 30 depth: 1 seed-input: 0
  rooms: 26 player-pos: [36 20]
  populating rooms
    populate room: [72 5]
    populate room: [6 27]
    populate room: [8 6]
    populate room: [14 8]
    populate room: [59 4]
    populate room: [38 24]
    populate room: [75 24]
    populate room: [23 26]
    populate room: [31 11]
    populate room: [49 11]
    populate room: [36 26]
    populate room: [45 19]
    populate room: [52 18]
    populate room: [2 13]
    populate room: [66 16]
    populate room: [27 18]
    populate room: [23 11]
    populate room: [42 15]
    populate room: [67 8]
    populate room: [2 25]
    populate room: [20 21]
    populate room: [12 4]
    populate room: [12 13]
    populate room: [53 1]
    populate room: [65 2]
  loot bag: 4 items
  rooms populated, running update-fov
  generate-floor done
generate-floor 79 30 depth: 1 seed-input: 1
  rooms: 22 player-pos: [32 25]
  populating rooms
    populate room: [20 17]
    populate room: [20 9]
    populate room: [21 19]
    populate room: [69 19]
    populate room: [45 12]
    populate room: [69 7]
    populate room: [74 25]
    populate room: [1 10]
    populate room: [38 25]
    populate room: [13 24]
    populate room: [12 20]
    populate room: [59 4]
    populate room: [6 16]
    populate room: [51 4]
    populate room: [73 9]
    populate room: [64 11]
    populate room: [29 13]
    populate room: [60 22]
    populate room: [52 9]
    populate room: [44 3]
    populate room: [6 22]
  loot bag: 5 items
  rooms populated, running update-fov
  generate-floor done
generate-floor 79 30 depth: 1 seed-input: 0
  rooms: 26 player-pos: [36 20]
  populating rooms
    populate room: [72 5]
    populate room: [6 27]
    populate room: [8 6]
    populate room: [14 8]
    populate room: [59 4]
    populate room: [38 24]
    populate room: [75 24]
    populate room: [23 26]
    populate room: [31 11]
    populate room: [49 11]
    populate room: [36 26]
    populate room: [45 19]
    populate room: [52 18]
    populate room: [2 13]
    populate room: [66 16]
    populate room: [27 18]
    populate room: [23 11]
    populate room: [42 15]
    populate room: [67 8]
    populate room: [2 25]
    populate room: [20 21]
    populate room: [12 4]
    populate room: [12 13]
    populate room: [53 1]
    populate room: [65 2]
  loot bag: 4 items
  rooms populated, running update-fov
  generate-floor done
generate-floor 79 30 depth: 1 seed-input: 1
  rooms: 22 player-pos: [32 25]
  populating rooms
    populate room: [20 17]
    populate room: [20 9]
    populate room: [21 19]
    populate room: [69 19]
    populate room: [45 12]
    populate room: [69 7]
    populate room: [74 25]
    populate room: [1 10]
    populate room: [38 25]
    populate room: [13 24]
    populate room: [12 20]
    populate room: [59 4]
    populate room: [6 16]
    populate room: [51 4]
    populate room: [73 9]
    populate room: [64 11]
    populate room: [29 13]
    populate room: [60 22]
    populate room: [52 9]
    populate room: [44 3]
    populate room: [6 22]
  loot bag: 5 items
  rooms populated, running update-fov
  generate-floor done
generate-floor 79 30 depth: 1 seed-input: 0
  rooms: 26 player-pos: [36 20]
  populating rooms
    populate room: [72 5]
    populate room: [6 27]
    populate room: [8 6]
    populate room: [14 8]
    populate room: [59 4]
    populate room: [38 24]
    populate room: [75 24]
    populate room: [23 26]
    populate room: [31 11]
    populate room: [49 11]
    populate room: [36 26]
    populate room: [45 19]
    populate room: [52 18]
    populate room: [2 13]
    populate room: [66 16]
    populate room: [27 18]
    populate room: [23 11]
    populate room: [42 15]
    populate room: [67 8]
    populate room: [2 25]
    populate room: [20 21]
    populate room: [12 4]
    populate room: [12 13]
    populate room: [53 1]
    populate room: [65 2]
  loot bag: 4 items
  rooms populated, running update-fov
  generate-floor done
generate-floor 79 30 depth: 1 seed-input: 1
  rooms: 22 player-pos: [32 25]
  populating rooms
    populate room: [20 17]
    populate room: [20 9]
    populate room: [21 19]
    populate room: [69 19]
    populate room: [45 12]
    populate room: [69 7]
    populate room: [74 25]
    populate room: [1 10]
    populate room: [38 25]
    populate room: [13 24]
    populate room: [12 20]
    populate room: [59 4]
    populate room: [6 16]
    populate room: [51 4]
    populate room: [73 9]
    populate room: [64 11]
    populate room: [29 13]
    populate room: [60 22]
    populate room: [52 9]
    populate room: [44 3]
    populate room: [6 22]
  loot bag: 5 items
  rooms populated, running update-fov
  generate-floor done
generate-floor 79 30 depth: 1 seed-input: 0
  rooms: 26 player-pos: [36 20]
  populating rooms
    populate room: [72 5]
    populate room: [6 27]
    populate room: [8 6]
    populate room: [14 8]
    populate room: [59 4]
    populate room: [38 24]
    populate room: [75 24]
    populate room: [23 26]
    populate room: [31 11]
    populate room: [49 11]
    populate room: [36 26]
    populate room: [45 19]
    populate room: [52 18]
    populate room: [2 13]
    populate room: [66 16]
    populate room: [27 18]
    populate room: [23 11]
    populate room: [42 15]
    populate room: [67 8]
    populate room: [2 25]
    populate room: [20 21]
    populate room: [12 4]
    populate room: [12 13]
    populate room: [53 1]
    populate room: [65 2]
  loot bag: 4 items
  rooms populated, running update-fov
  generate-floor done
generate-floor 79 30 depth: 1 seed-input: 1
  rooms: 22 player-pos: [32 25]
  populating rooms
    populate room: [20 17]
    populate room: [20 9]
    populate room: [21 19]
    populate room: [69 19]
    populate room: [45 12]
    populate room: [69 7]
    populate room: [74 25]
    populate room: [1 10]
    populate room: [38 25]
    populate room: [13 24]
    populate room: [12 20]
    populate room: [59 4]
    populate room: [6 16]
    populate room: [51 4]
    populate room: [73 9]
    populate room: [64 11]
    populate room: [29 13]
    populate room: [60 22]
    populate room: [52 9]
    populate room: [44 3]
    populate room: [6 22]
  loot bag: 5 items
  rooms populated, running update-fov
  generate-floor done
generate-floor 79 30 depth: 1 seed-input: 2
  rooms: 27 player-pos: [17 18]
  populating rooms
    populate room: [25 20]
    populate room: [18 9]
    populate room: [48 20]
    populate room: [17 6]
    populate room: [22 25]
    populate room: [66 25]
    populate room: [68 10]
    populate room: [69 7]
    populate room: [10 13]
    populate room: [57 17]
    populate room: [46 4]
    populate room: [51 11]
    populate room: [12 25]
    populate room: [59 27]
    populate room: [26 9]
    populate room: [30 27]
    populate room: [73 26]
    populate room: [40 5]
    populate room: [71 17]
    populate room: [13 2]
    populate room: [32 10]
    populate room: [63 4]
    populate room: [5 23]
    populate room: [40 9]
    populate room: [5 12]
    populate room: [6 1]
  loot bag: 6 items
  rooms populated, running update-fov
  generate-floor done
generate-floor 79 30 depth: 1 seed-input: 3
  rooms: 32 player-pos: [38 22]
  populating rooms
    populate room: [73 3]
    populate room: [36 4]
    populate room: [22 19]
    populate room: [71 24]
    populate room: [50 7]
    populate room: [22 5]
    populate room: [58 26]
    populate room: [41 22]
    populate room: [17 15]
    populate room: [11 23]
    populate room: [5 6]
    populate room: [73 6]
    populate room: [7 6]
    populate room: [61 25]
    populate room: [66 2]
    populate room: [55 15]
    populate room: [76 12]
    populate room: [76 18]
    populate room: [61 1]
    populate room: [42 14]
    populate room: [76 26]
    populate room: [31 11]
    populate room: [55 2]
    populate room: [2 14]
    populate room: [46 2]
    populate room: [2 23]
    populate room: [17 26]
    populate room: [27 16]
    populate room: [15 10]
    populate room: [11 17]
    populate room: [5 26]
  loot bag: 6 items
  rooms populated, running update-fov
  generate-floor done
generate-floor 79 30 depth: 1 seed-input: 4
  rooms: 22 player-pos: [64 11]
  populating rooms
    populate room: [71 18]
    populate room: [68 21]
    populate room: [34 22]
    populate room: [66 5]
    populate room: [34 18]
    populate room: [59 25]
    populate room: [73 5]
    populate room: [22 23]
    populate room: [46 7]
    populate room: [50 12]
    populate room: [33 17]
    populate room: [10 7]
    populate room: [41 21]
    populate room: [7 10]
    populate room: [60 2]
    populate room: [76 22]
    populate room: [12 27]
    populate room: [10 23]
    populate room: [3 19]
    populate room: [28 26]
    populate room: [43 2]
  loot bag: 5 items
  rooms populated, running update-fov
  generate-floor done
generate-floor 79 30 depth: 1 seed-input: 5
  rooms: 25 player-pos: [38 17]
  populating rooms
    populate room: [52 3]
    populate room: [73 20]
    populate room: [13 19]
    populate room: [64 19]
    populate room: [65 4]
    populate room: [38 8]
    populate room: [24 5]
    populate room: [11 11]
    populate room: [50 24]
    populate room: [42 7]
    populate room: [70 8]
    populate room: [11 27]
    populate room: [24 10]
    populate room: [61 13]
    populate room: [45 2]
    populate room: [5 20]
    populate room: [76 8]
    populate room: [5 27]
    populate room: [38 2]
    populate room: [33 2]
    populate room: [17 10]
    populate room: [61 25]
    populate room: [55 15]
    populate room: [6 12]
  loot bag: 3 items
  rooms populated, running update-fov
  generate-floor done
generate-floor 79 30 depth: 1 seed-input: 6
  rooms: 27 player-pos: [65 5]
  populating rooms
    populate room: [10 27]
    populate room: [12 19]
    populate room: [61 10]
    populate room: [16 5]
    populate room: [71 23]
    populate room: [51 12]
    populate room: [39 24]
    populate room: [27 23]
    populate room: [59 22]
    populate room: [46 8]
    populate room: [47 10]
    populate room: [68 18]
    populate room: [73 4]
    populate room: [6 23]
    populate room: [35 19]
    populate room: [75 11]
    populate room: [22 17]
    populate room: [44 4]
    populate room: [58 5]
    populate room: [53 5]
    populate room: [9 2]
    populate room: [37 3]
    populate room: [2 3]
    populate room: [30 4]
    populate room: [40 16]
    populate room: [60 17]
  loot bag: 6 items
  rooms populated, running update-fov
  generate-floor done
generate-floor 79 30 depth: 1 seed-input: 7
  rooms: 24 player-pos: [8 9]
  populating rooms
    populate room: [58 26]
    populate room: [4 19]
    populate room: [68 23]
    populate room: [65 12]
    populate room: [41 6]
    populate room: [23 22]
    populate room: [36 26]
    populate room: [15 21]
    populate room: [46 21]
    populate room: [31 26]
    populate room: [57 11]
    populate room: [61 18]
    populate room: [36 2]
    populate room: [22 2]
    populate room: [76 25]
    populate room: [74 14]
    populate room: [71 19]
    populate room: [3 7]
    populate room: [63 27]
    populate room: [13 3]
    populate room: [3 3]
    populate room: [52 4]
    populate room: [17 14]
  loot bag: 5 items
  rooms populated, running update-fov
  generate-floor done
generate-floor 79 30 depth: 1 seed-input: 8
  rooms: 26 player-pos: [37 23]
  populating rooms
    populate room: [73 6]
    populate room: [7 6]
    populate room: [10 21]
    populate room: [35 26]
    populate room: [18 6]
    populate room: [19 26]
    populate room: [18 7]
    populate room: [67 19]
    populate room: [24 26]
    populate room: [75 23]
    populate room: [40 8]
    populate room: [68 4]
    populate room: [5 16]
    populate room: [45 24]
    populate room: [62 3]
    populate room: [50 24]
    populate room: [25 10]
    populate room: [14 26]
    populate room: [56 3]
    populate room: [70 23]
    populate room: [63 23]
    populate room: [7 27]
    populate room: [69 11]
    populate room: [59 12]
    populate room: [70 15]
  loot bag: 6 items
  rooms populated, running update-fov
  generate-floor done
generate-floor 79 30 depth: 1 seed-input: 9
  rooms: 26 player-pos: [14 3]
  populating rooms
    populate room: [62 6]
    populate room: [43 5]
    populate room: [72 20]
    populate room: [24 27]
    populate room: [31 8]
    populate room: [32 22]
    populate room: [67 12]
    populate room: [64 23]
    populate room: [11 6]
    populate room: [36 6]
    populate room: [75 14]
    populate room: [14 27]
    populate room: [22 9]
    populate room: [18 22]
    populate room: [56 23]
    populate room: [26 15]
    populate room: [15 11]
    populate room: [60 18]
    populate room: [10 21]
    populate room: [58 14]
    populate room: [7 12]
    populate room: [6 27]
    populate room: [71 4]
    populate room: [3 5]
    populate room: [4 23]
  loot bag: 6 items
  rooms populated, running update-fov
  generate-floor done
generate-floor 79 30 depth: 1 seed-input: 10
  rooms: 21 player-pos: [1 8]
  populating rooms
    populate room: [15 14]
    populate room: [48 8]
    populate room: [24 25]
    populate room: [72 25]
    populate room: [30 24]
    populate room: [60 9]
    populate room: [66 20]
    populate room: [6 8]
    populate room: [21 18]
    populate room: [39 8]
    populate room: [39 26]
    populate room: [39 10]
    populate room: [5 24]
    populate room: [45 17]
    populate room: [74 19]
    populate room: [12 9]
    populate room: [32 2]
    populate room: [13 25]
    populate room: [20 10]
    populate room: [2 19]
  loot bag: 4 items
  rooms populated, running update-fov
  generate-floor done
generate-floor 79 30 depth: 1 seed-input: 11
  rooms: 25 player-pos: [17 10]
  populating rooms
    populate room: [70 26]
    populate room: [68 5]
    populate room: [46 7]
    populate room: [49 20]
    populate room: [43 13]
    populate room: [73 24]
    populate room: [68 5]
    populate room: [8 19]
    populate room: [26 23]
    populate room: [41 22]
    populate room: [38 6]
    populate room: [61 26]
    populate room: [29 5]
    populate room: [52 27]
    populate room: [13 15]
    populate room: [64 13]
    populate room: [8 8]
    populate room: [36 13]
    populate room: [56 2]
    populate room: [44 26]
    populate room: [38 26]
    populate room: [6 13]
    populate room: [19 3]
    populate room: [2 7]
  loot bag: 3 items
  rooms populated, running update-fov
  generate-floor done
generate-floor 79 30 depth: 1 seed-input: 12
  rooms: 27 player-pos: [24 21]
  populating rooms
    populate room: [39 26]
    populate room: [56 11]
    populate room: [30 8]
    populate room: [43 7]
    populate room: [62 13]
    populate room: [5 11]
    populate room: [37 5]
    populate room: [37 20]
    populate room: [14 18]
    populate room: [63 22]
    populate room: [66 24]
    populate room: [70 11]
    populate room: [33 26]
    populate room: [30 2]
    populate room: [52 22]
    populate room: [21 26]
    populate room: [49 7]
    populate room: [2 9]
    populate room: [38 1]
    populate room: [68 7]
    populate room: [57 7]
    populate room: [23 2]
    populate room: [19 9]
    populate room: [74 16]
    populate room: [47 2]
    populate room: [13 26]
  loot bag: 5 items
  rooms populated, running update-fov
  generate-floor done
generate-floor 79 30 depth: 1 seed-input: 13
  rooms: 29 player-pos: [46 9]
  populating rooms
    populate room: [18 24]
    populate room: [35 22]
    populate room: [24 24]
    populate room: [43 20]
    populate room: [73 8]
    populate room: [73 20]
    populate room: [37 19]
    populate room: [64 24]
    populate room: [14 6]
    populate room: [61 15]
    populate room: [69 3]
    populate room: [62 2]
    populate room: [54 2]
    populate room: [62 5]
    populate room: [75 3]
    populate room: [46 3]
    populate room: [19 7]
    populate room: [39 1]
    populate room: [9 7]
    populate room: [68 11]
    populate room: [32 2]
    populate room: [76 11]
    populate room: [59 10]
    populate room: [8 20]
    populate room: [25 1]
    populate room: [4 26]
    populate room: [10 15]
    populate room: [60 26]
  loot bag: 5 items
  rooms populated, running update-fov
  generate-floor done
generate-floor 79 30 depth: 1 seed-input: 14
  rooms: 26 player-pos: [29 19]
  populating rooms
    populate room: [63 10]
    populate room: [20 15]
    populate room: [16 9]
    populate room: [17 22]
    populate room: [43 9]
    populate room: [64 25]
    populate room: [49 24]
    populate room: [57 13]
    populate room: [22 21]
    populate room: [49 11]
    populate room: [19 27]
    populate room: [41 3]
    populate room: [7 22]
    populate room: [59 5]
    populate room: [34 3]
    populate room: [28 7]
    populate room: [67 14]
    populate room: [49 6]
    populate room: [22 4]
    populate room: [72 24]
    populate room: [74 15]
    populate room: [11 14]
    populate room: [26 1]
    populate room: [68 5]
    populate room: [14 4]
  loot bag: 6 items
  rooms populated, running update-fov
  generate-floor done
generate-floor 79 30 depth: 1 seed-input: 15
  rooms: 23 player-pos: [37 7]
  populating rooms
    populate room: [74 7]
    populate room: [65 6]
    populate room: [31 20]
    populate room: [55 8]
    populate room: [21 26]
    populate room: [22 4]
    populate room: [5 26]
    populate room: [34 26]
    populate room: [72 5]
    populate room: [73 26]
    populate room: [33 6]
    populate room: [43 16]
    populate room: [13 5]
    populate room: [15 11]
    populate room: [27 16]
    populate room: [51 14]
    populate room: [25 11]
    populate room: [59 17]
    populate room: [58 4]
    populate room: [49 24]
    populate room: [2 20]
    populate room: [6 10]
  loot bag: 7 items
  rooms populated, running update-fov
  generate-floor done
generate-floor 79 30 depth: 1 seed-input: 16
  rooms: 26 player-pos: [62 7]
  populating rooms
    populate room: [19 4]
    populate room: [63 12]
    populate room: [74 19]
    populate room: [66 26]
    populate room: [14 8]
    populate room: [72 11]
    populate room: [21 22]
    populate room: [26 18]
    populate room: [57 5]
    populate room: [47 4]
    populate room: [52 24]
    populate room: [69 4]
    populate room: [8 26]
    populate room: [76 3]
    populate room: [17 27]
    populate room: [2 26]
    populate room: [45 23]
    populate room: [37 21]
    populate room: [31 13]
    populate room: [48 13]
    populate room: [60 20]
    populate room: [5 10]
    populate room: [45 17]
    populate room: [9 21]
    populate room: [8 16]
  loot bag: 5 items
  rooms populated, running update-fov
  generate-floor done
generate-floor 79 30 depth: 1 seed-input: 17
  rooms: 29 player-pos: [38 21]
  populating rooms
    populate room: [11 7]
    populate room: [10 25]
    populate room: [71 22]
    populate room: [41 15]
    populate room: [48 4]
    populate room: [6 8]
    populate room: [5 11]
    populate room: [56 25]
    populate room: [67 9]
    populate room: [19 22]
    populate room: [51 18]
    populate room: [28 22]
    populate room: [43 2]
    populate room: [6 17]
    populate room: [36 2]
    populate room: [14 17]
    populate room: [45 20]
    populate room: [27 2]
    populate room: [18 2]
    populate room: [75 9]
    populate room: [3 27]
    populate room: [2 15]
    populate room: [54 2]
    populate room: [4 20]
    populate room: [68 16]
    populate room: [49 27]
    populate room: [4 3]
    populate room: [60 17]
  loot bag: 5 items
  rooms populated, running update-fov
  generate-floor done
generate-floor 79 30 depth: 1 seed-input: 18
  rooms: 27 player-pos: [16 24]
  populating rooms
    populate room: [38 21]
    populate room: [34 18]
    populate room: [39 4]
    populate room: [69 6]
    populate room: [10 9]
    populate room: [39 25]
    populate room: [75 5]
    populate room: [63 4]
    populate room: [74 25]
    populate room: [43 20]
    populate room: [28 12]
    populate room: [52 13]
    populate room: [29 4]
    populate room: [21 15]
    populate room: [17 11]
    populate room: [6 15]
    populate room: [13 17]
    populate room: [70 18]
    populate room: [45 14]
    populate room: [2 17]
    populate room: [4 21]
    populate room: [62 20]
    populate room: [20 6]
    populate room: [12 3]
    populate room: [44 4]
    populate room: [39 12]
  loot bag: 6 items
  rooms populated, running update-fov
  generate-floor done
generate-floor 79 30 depth: 1 seed-input: 19
  rooms: 28 player-pos: [48 21]
  populating rooms
    populate room: [74 12]
    populate room: [45 12]
    populate room: [29 9]
    populate room: [26 8]
    populate room: [27 9]
    populate room: [24 24]
    populate room: [44 12]
    populate room: [19 8]
    populate room: [64 18]
    populate room: [18 18]
    populate room: [18 3]
    populate room: [11 19]
    populate room: [16 25]
    populate room: [44 26]
    populate room: [13 9]
    populate room: [38 27]
    populate room: [10 3]
    populate room: [59 14]
    populate room: [67 8]
    populate room: [5 19]
    populate room: [5 4]
    populate room: [4 8]
    populate room: [32 26]
    populate room: [9 26]
    populate room: [26 3]
    populate room: [34 3]
    populate room: [3 25]
  loot bag: 4 items
  rooms populated, running update-fov
  generate-floor done
generate-floor 79 30 depth: 1 seed-input: 0
  rooms: 26 player-pos: [36 20]
  populating rooms
    populate room: [72 5]
    populate room: [6 27]
    populate room: [8 6]
    populate room: [14 8]
    populate room: [59 4]
    populate room: [38 24]
    populate room: [75 24]
    populate room: [23 26]
    populate room: [31 11]
    populate room: [49 11]
    populate room: [36 26]
    populate room: [45 19]
    populate room: [52 18]
    populate room: [2 13]
    populate room: [66 16]
    populate room: [27 18]
    populate room: [23 11]
    populate room: [42 15]
    populate room: [67 8]
    populate room: [2 25]
    populate room: [20 21]
    populate room: [12 4]
    populate room: [12 13]
    populate room: [53 1]
    populate room: [65 2]
  loot bag: 4 items
  rooms populated, running update-fov
  generate-floor done
generate-floor 79 30 depth: 1 seed-input: 1
  rooms: 22 player-pos: [32 25]
  populating rooms
    populate room: [20 17]
    populate room: [20 9]
    populate room: [21 19]
    populate room: [69 19]
    populate room: [45 12]
    populate room: [69 7]
    populate room: [74 25]
    populate room: [1 10]
    populate room: [38 25]
    populate room: [13 24]
    populate room: [12 20]
    populate room: [59 4]
    populate room: [6 16]
    populate room: [51 4]
    populate room: [73 9]
    populate room: [64 11]
    populate room: [29 13]
    populate room: [60 22]
    populate room: [52 9]
    populate room: [44 3]
    populate room: [6 22]
  loot bag: 5 items
  rooms populated, running update-fov
  generate-floor done
generate-floor 79 30 depth: 1 seed-input: 2
  rooms: 27 player-pos: [17 18]
  populating rooms
    populate room: [25 20]
    populate room: [18 9]
    populate room: [48 20]
    populate room: [17 6]
    populate room: [22 25]
    populate room: [66 25]
    populate room: [68 10]
    populate room: [69 7]
    populate room: [10 13]
    populate room: [57 17]
    populate room: [46 4]
    populate room: [51 11]
    populate room: [12 25]
    populate room: [59 27]
    populate room: [26 9]
    populate room: [30 27]
    populate room: [73 26]
    populate room: [40 5]
    populate room: [71 17]
    populate room: [13 2]
    populate room: [32 10]
    populate room: [63 4]
    populate room: [5 23]
    populate room: [40 9]
    populate room: [5 12]
    populate room: [6 1]
  loot bag: 6 items
  rooms populated, running update-fov
  generate-floor done
generate-floor 79 30 depth: 1 seed-input: 3
  rooms: 32 player-pos: [38 22]
  populating rooms
    populate room: [73 3]
    populate room: [36 4]
    populate room: [22 19]
    populate room: [71 24]
    populate room: [50 7]
    populate room: [22 5]
    populate room: [58 26]
    populate room: [41 22]
    populate room: [17 15]
    populate room: [11 23]
    populate room: [5 6]
    populate room: [73 6]
    populate room: [7 6]
    populate room: [61 25]
    populate room: [66 2]
    populate room: [55 15]
    populate room: [76 12]
    populate room: [76 18]
    populate room: [61 1]
    populate room: [42 14]
    populate room: [76 26]
    populate room: [31 11]
    populate room: [55 2]
    populate room: [2 14]
    populate room: [46 2]
    populate room: [2 23]
    populate room: [17 26]
    populate room: [27 16]
    populate room: [15 10]
    populate room: [11 17]
    populate room: [5 26]
  loot bag: 6 items
  rooms populated, running update-fov
  generate-floor done
generate-floor 79 30 depth: 1 seed-input: 4
  rooms: 22 player-pos: [64 11]
  populating rooms
    populate room: [71 18]
    populate room: [68 21]
    populate room: [34 22]
    populate room: [66 5]
    populate room: [34 18]
    populate room: [59 25]
    populate room: [73 5]
    populate room: [22 23]
    populate room: [46 7]
    populate room: [50 12]
    populate room: [33 17]
    populate room: [10 7]
    populate room: [41 21]
    populate room: [7 10]
    populate room: [60 2]
    populate room: [76 22]
    populate room: [12 27]
    populate room: [10 23]
    populate room: [3 19]
    populate room: [28 26]
    populate room: [43 2]
  loot bag: 5 items
  rooms populated, running update-fov
  generate-floor done
generate-floor 79 30 depth: 1 seed-input: 5
  rooms: 25 player-pos: [38 17]
  populating rooms
    populate room: [52 3]
    populate room: [73 20]
    populate room: [13 19]
    populate room: [64 19]
    populate room: [65 4]
    populate room: [38 8]
    populate room: [24 5]
    populate room: [11 11]
    populate room: [50 24]
    populate room: [42 7]
    populate room: [70 8]
    populate room: [11 27]
    populate room: [24 10]
    populate room: [61 13]
    populate room: [45 2]
    populate room: [5 20]
    populate room: [76 8]
    populate room: [5 27]
    populate room: [38 2]
    populate room: [33 2]
    populate room: [17 10]
    populate room: [61 25]
    populate room: [55 15]
    populate room: [6 12]
  loot bag: 3 items
  rooms populated, running update-fov
  generate-floor done
generate-floor 79 30 depth: 1 seed-input: 6
  rooms: 27 player-pos: [65 5]
  populating rooms
    populate room: [10 27]
    populate room: [12 19]
    populate room: [61 10]
    populate room: [16 5]
    populate room: [71 23]
    populate room: [51 12]
    populate room: [39 24]
    populate room: [27 23]
    populate room: [59 22]
    populate room: [46 8]
    populate room: [47 10]
    populate room: [68 18]
    populate room: [73 4]
    populate room: [6 23]
    populate room: [35 19]
    populate room: [75 11]
    populate room: [22 17]
    populate room: [44 4]
    populate room: [58 5]
    populate room: [53 5]
    populate room: [9 2]
    populate room: [37 3]
    populate room: [2 3]
    populate room: [30 4]
    populate room: [40 16]
    populate room: [60 17]
  loot bag: 6 items
  rooms populated, running update-fov
  generate-floor done
generate-floor 79 30 depth: 1 seed-input: 7
  rooms: 24 player-pos: [8 9]
  populating rooms
    populate room: [58 26]
    populate room: [4 19]
    populate room: [68 23]
    populate room: [65 12]
    populate room: [41 6]
    populate room: [23 22]
    populate room: [36 26]
    populate room: [15 21]
    populate room: [46 21]
    populate room: [31 26]
    populate room: [57 11]
    populate room: [61 18]
    populate room: [36 2]
    populate room: [22 2]
    populate room: [76 25]
    populate room: [74 14]
    populate room: [71 19]
    populate room: [3 7]
    populate room: [63 27]
    populate room: [13 3]
    populate room: [3 3]
    populate room: [52 4]
    populate room: [17 14]
  loot bag: 5 items
  rooms populated, running update-fov
  generate-floor done
generate-floor 79 30 depth: 1 seed-input: 8
  rooms: 26 player-pos: [37 23]
  populating rooms
    populate room: [73 6]
    populate room: [7 6]
    populate room: [10 21]
    populate room: [35 26]
    populate room: [18 6]
    populate room: [19 26]
    populate room: [18 7]
    populate room: [67 19]
    populate room: [24 26]
    populate room: [75 23]
    populate room: [40 8]
    populate room: [68 4]
    populate room: [5 16]
    populate room: [45 24]
    populate room: [62 3]
    populate room: [50 24]
    populate room: [25 10]
    populate room: [14 26]
    populate room: [56 3]
    populate room: [70 23]
    populate room: [63 23]
    populate room: [7 27]
    populate room: [69 11]
    populate room: [59 12]
    populate room: [70 15]
  loot bag: 6 items
  rooms populated, running update-fov
  generate-floor done
generate-floor 79 30 depth: 1 seed-input: 9
  rooms: 26 player-pos: [14 3]
  populating rooms
    populate room: [62 6]
    populate room: [43 5]
    populate room: [72 20]
    populate room: [24 27]
    populate room: [31 8]
    populate room: [32 22]
    populate room: [67 12]
    populate room: [64 23]
    populate room: [11 6]
    populate room: [36 6]
    populate room: [75 14]
    populate room: [14 27]
    populate room: [22 9]
    populate room: [18 22]
    populate room: [56 23]
    populate room: [26 15]
    populate room: [15 11]
    populate room: [60 18]
    populate room: [10 21]
    populate room: [58 14]
    populate room: [7 12]
    populate room: [6 27]
    populate room: [71 4]
    populate room: [3 5]
    populate room: [4 23]
  loot bag: 6 items
  rooms populated, running update-fov
  generate-floor done
generate-floor 79 30 depth: 1 seed-input: 10
  rooms: 21 player-pos: [1 8]
  populating rooms
    populate room: [15 14]
    populate room: [48 8]
    populate room: [24 25]
    populate room: [72 25]
    populate room: [30 24]
    populate room: [60 9]
    populate room: [66 20]
    populate room: [6 8]
    populate room: [21 18]
    populate room: [39 8]
    populate room: [39 26]
    populate room: [39 10]
    populate room: [5 24]
    populate room: [45 17]
    populate room: [74 19]
    populate room: [12 9]
    populate room: [32 2]
    populate room: [13 25]
    populate room: [20 10]
    populate room: [2 19]
  loot bag: 4 items
  rooms populated, running update-fov
  generate-floor done
generate-floor 79 30 depth: 1 seed-input: 11
  rooms: 25 player-pos: [17 10]
  populating rooms
    populate room: [70 26]
    populate room: [68 5]
    populate room: [46 7]
    populate room: [49 20]
    populate room: [43 13]
    populate room: [73 24]
    populate room: [68 5]
    populate room: [8 19]
    populate room: [26 23]
    populate room: [41 22]
    populate room: [38 6]
    populate room: [61 26]
    populate room: [29 5]
    populate room: [52 27]
    populate room: [13 15]
    populate room: [64 13]
    populate room: [8 8]
    populate room: [36 13]
    populate room: [56 2]
    populate room: [44 26]
    populate room: [38 26]
    populate room: [6 13]
    populate room: [19 3]
    populate room: [2 7]
  loot bag: 3 items
  rooms populated, running update-fov
  generate-floor done
generate-floor 79 30 depth: 1 seed-input: 12
  rooms: 27 player-pos: [24 21]
  populating rooms
    populate room: [39 26]
    populate room: [56 11]
    populate room: [30 8]
    populate room: [43 7]
    populate room: [62 13]
    populate room: [5 11]
    populate room: [37 5]
    populate room: [37 20]
    populate room: [14 18]
    populate room: [63 22]
    populate room: [66 24]
    populate room: [70 11]
    populate room: [33 26]
    populate room: [30 2]
    populate room: [52 22]
    populate room: [21 26]
    populate room: [49 7]
    populate room: [2 9]
    populate room: [38 1]
    populate room: [68 7]
    populate room: [57 7]
    populate room: [23 2]
    populate room: [19 9]
    populate room: [74 16]
    populate room: [47 2]
    populate room: [13 26]
  loot bag: 5 items
  rooms populated, running update-fov
  generate-floor done
generate-floor 79 30 depth: 1 seed-input: 13
  rooms: 29 player-pos: [46 9]
  populating rooms
    populate room: [18 24]
    populate room: [35 22]
    populate room: [24 24]
    populate room: [43 20]
    populate room: [73 8]
    populate room: [73 20]
    populate room: [37 19]
    populate room: [64 24]
    populate room: [14 6]
    populate room: [61 15]
    populate room: [69 3]
    populate room: [62 2]
    populate room: [54 2]
    populate room: [62 5]
    populate room: [75 3]
    populate room: [46 3]
    populate room: [19 7]
    populate room: [39 1]
    populate room: [9 7]
    populate room: [68 11]
    populate room: [32 2]
    populate room: [76 11]
    populate room: [59 10]
    populate room: [8 20]
    populate room: [25 1]
    populate room: [4 26]
    populate room: [10 15]
    populate room: [60 26]
  loot bag: 5 items
  rooms populated, running update-fov
  generate-floor done
generate-floor 79 30 depth: 1 seed-input: 14
  rooms: 26 player-pos: [29 19]
  populating rooms
    populate room: [63 10]
    populate room: [20 15]
    populate room: [16 9]
    populate room: [17 22]
    populate room: [43 9]
    populate room: [64 25]
    populate room: [49 24]
    populate room: [57 13]
    populate room: [22 21]
    populate room: [49 11]
    populate room: [19 27]
    populate room: [41 3]
    populate room: [7 22]
    populate room: [59 5]
    populate room: [34 3]
    populate room: [28 7]
    populate room: [67 14]
    populate room: [49 6]
    populate room: [22 4]
    populate room: [72 24]
    populate room: [74 15]
    populate room: [11 14]
    populate room: [26 1]
    populate room: [68 5]
    populate room: [14 4]
  loot bag: 6 items
  rooms populated, running update-fov
  generate-floor done
generate-floor 79 30 depth: 1 seed-input: 15
  rooms: 23 player-pos: [37 7]
  populating rooms
    populate room: [74 7]
    populate room: [65 6]
    populate room: [31 20]
    populate room: [55 8]
    populate room: [21 26]
    populate room: [22 4]
    populate room: [5 26]
    populate room: [34 26]
    populate room: [72 5]
    populate room: [73 26]
    populate room: [33 6]
    populate room: [43 16]
    populate room: [13 5]
    populate room: [15 11]
    populate room: [27 16]
    populate room: [51 14]
    populate room: [25 11]
    populate room: [59 17]
    populate room: [58 4]
    populate room: [49 24]
    populate room: [2 20]
    populate room: [6 10]
  loot bag: 7 items
  rooms populated, running update-fov
  generate-floor done
generate-floor 79 30 depth: 1 seed-input: 16
  rooms: 26 player-pos: [62 7]
  populating rooms
    populate room: [19 4]
    populate room: [63 12]
    populate room: [74 19]
    populate room: [66 26]
    populate room: [14 8]
    populate room: [72 11]
    populate room: [21 22]
    populate room: [26 18]
    populate room: [57 5]
    populate room: [47 4]
    populate room: [52 24]
    populate room: [69 4]
    populate room: [8 26]
    populate room: [76 3]
    populate room: [17 27]
    populate room: [2 26]
    populate room: [45 23]
    populate room: [37 21]
    populate room: [31 13]
    populate room: [48 13]
    populate room: [60 20]
    populate room: [5 10]
    populate room: [45 17]
    populate room: [9 21]
    populate room: [8 16]
  loot bag: 5 items
  rooms populated, running update-fov
  generate-floor done
generate-floor 79 30 depth: 1 seed-input: 17
  rooms: 29 player-pos: [38 21]
  populating rooms
    populate room: [11 7]
    populate room: [10 25]
    populate room: [71 22]
    populate room: [41 15]
    populate room: [48 4]
    populate room: [6 8]
    populate room: [5 11]
    populate room: [56 25]
    populate room: [67 9]
    populate room: [19 22]
    populate room: [51 18]
    populate room: [28 22]
    populate room: [43 2]
    populate room: [6 17]
    populate room: [36 2]
    populate room: [14 17]
    populate room: [45 20]
    populate room: [27 2]
    populate room: [18 2]
    populate room: [75 9]
    populate room: [3 27]
    populate room: [2 15]
    populate room: [54 2]
    populate room: [4 20]
    populate room: [68 16]
    populate room: [49 27]
    populate room: [4 3]
    populate room: [60 17]
  loot bag: 5 items
  rooms populated, running update-fov
  generate-floor done
generate-floor 79 30 depth: 1 seed-input: 18
  rooms: 27 player-pos: [16 24]
  populating rooms
    populate room: [38 21]
    populate room: [34 18]
    populate room: [39 4]
    populate room: [69 6]
    populate room: [10 9]
    populate room: [39 25]
    populate room: [75 5]
    populate room: [63 4]
    populate room: [74 25]
    populate room: [43 20]
    populate room: [28 12]
    populate room: [52 13]
    populate room: [29 4]
    populate room: [21 15]
    populate room: [17 11]
    populate room: [6 15]
    populate room: [13 17]
    populate room: [70 18]
    populate room: [45 14]
    populate room: [2 17]
    populate room: [4 21]
    populate room: [62 20]
    populate room: [20 6]
    populate room: [12 3]
    populate room: [44 4]
    populate room: [39 12]
  loot bag: 6 items
  rooms populated, running update-fov
  generate-floor done
generate-floor 79 30 depth: 1 seed-input: 19
  rooms: 28 player-pos: [48 21]
  populating rooms
    populate room: [74 12]
    populate room: [45 12]
    populate room: [29 9]
    populate room: [26 8]
    populate room: [27 9]
    populate room: [24 24]
    populate room: [44 12]
    populate room: [19 8]
    populate room: [64 18]
    populate room: [18 18]
    populate room: [18 3]
    populate room: [11 19]
    populate room: [16 25]
    populate room: [44 26]
    populate room: [13 9]
    populate room: [38 27]
    populate room: [10 3]
    populate room: [59 14]
    populate room: [67 8]
    populate room: [5 19]
    populate room: [5 4]
    populate room: [4 8]
    populate room: [32 26]
    populate room: [9 26]
    populate room: [26 3]
    populate room: [34 3]
    populate room: [3 25]
  loot bag: 4 items
  rooms populated, running update-fov
  generate-floor done
generate-floor 79 30 depth: 1 seed-input: 0
  rooms: 26 player-pos: [36 20]
  populating rooms
    populate room: [72 5]
    populate room: [6 27]
    populate room: [8 6]
    populate room: [14 8]
    populate room: [59 4]
    populate room: [38 24]
    populate room: [75 24]
    populate room: [23 26]
    populate room: [31 11]
    populate room: [49 11]
    populate room: [36 26]
    populate room: [45 19]
    populate room: [52 18]
    populate room: [2 13]
    populate room: [66 16]
    populate room: [27 18]
    populate room: [23 11]
    populate room: [42 15]
    populate room: [67 8]
    populate room: [2 25]
    populate room: [20 21]
    populate room: [12 4]
    populate room: [12 13]
    populate room: [53 1]
    populate room: [65 2]
  loot bag: 4 items
  rooms populated, running update-fov
  generate-floor done
generate-floor 79 30 depth: 1 seed-input: 1
  rooms: 22 player-pos: [32 25]
  populating rooms
    populate room: [20 17]
    populate room: [20 9]
    populate room: [21 19]
    populate room: [69 19]
    populate room: [45 12]
    populate room: [69 7]
    populate room: [74 25]
    populate room: [1 10]
    populate room: [38 25]
    populate room: [13 24]
    populate room: [12 20]
    populate room: [59 4]
    populate room: [6 16]
    populate room: [51 4]
    populate room: [73 9]
    populate room: [64 11]
    populate room: [29 13]
    populate room: [60 22]
    populate room: [52 9]
    populate room: [44 3]
    populate room: [6 22]
  loot bag: 5 items
  rooms populated, running update-fov
  generate-floor done
generate-floor 79 30 depth: 1 seed-input: 2
  rooms: 27 player-pos: [17 18]
  populating rooms
    populate room: [25 20]
    populate room: [18 9]
    populate room: [48 20]
    populate room: [17 6]
    populate room: [22 25]
    populate room: [66 25]
    populate room: [68 10]
    populate room: [69 7]
    populate room: [10 13]
    populate room: [57 17]
    populate room: [46 4]
    populate room: [51 11]
    populate room: [12 25]
    populate room: [59 27]
    populate room: [26 9]
    populate room: [30 27]
    populate room: [73 26]
    populate room: [40 5]
    populate room: [71 17]
    populate room: [13 2]
    populate room: [32 10]
    populate room: [63 4]
    populate room: [5 23]
    populate room: [40 9]
    populate room: [5 12]
    populate room: [6 1]
  loot bag: 6 items
  rooms populated, running update-fov
  generate-floor done
generate-floor 79 30 depth: 1 seed-input: 3
  rooms: 32 player-pos: [38 22]
  populating rooms
    populate room: [73 3]
    populate room: [36 4]
    populate room: [22 19]
    populate room: [71 24]
    populate room: [50 7]
    populate room: [22 5]
    populate room: [58 26]
    populate room: [41 22]
    populate room: [17 15]
    populate room: [11 23]
    populate room: [5 6]
    populate room: [73 6]
    populate room: [7 6]
    populate room: [61 25]
    populate room: [66 2]
    populate room: [55 15]
    populate room: [76 12]
    populate room: [76 18]
    populate room: [61 1]
    populate room: [42 14]
    populate room: [76 26]
    populate room: [31 11]
    populate room: [55 2]
    populate room: [2 14]
    populate room: [46 2]
    populate room: [2 23]
    populate room: [17 26]
    populate room: [27 16]
    populate room: [15 10]
    populate room: [11 17]
    populate room: [5 26]
  loot bag: 6 items
  rooms populated, running update-fov
  generate-floor done
generate-floor 79 30 depth: 1 seed-input: 4
  rooms: 22 player-pos: [64 11]
  populating rooms
    populate room: [71 18]
    populate room: [68 21]
    populate room: [34 22]
    populate room: [66 5]
    populate room: [34 18]
    populate room: [59 25]
    populate room: [73 5]
    populate room: [22 23]
    populate room: [46 7]
    populate room: [50 12]
    populate room: [33 17]
    populate room: [10 7]
    populate room: [41 21]
    populate room: [7 10]
    populate room: [60 2]
    populate room: [76 22]
    populate room: [12 27]
    populate room: [10 23]
    populate room: [3 19]
    populate room: [28 26]
    populate room: [43 2]
  loot bag: 5 items
  rooms populated, running update-fov
  generate-floor done
generate-floor 79 30 depth: 1 seed-input: 5
  rooms: 25 player-pos: [38 17]
  populating rooms
    populate room: [52 3]
    populate room: [73 20]
    populate room: [13 19]
    populate room: [64 19]
    populate room: [65 4]
    populate room: [38 8]
    populate room: [24 5]
    populate room: [11 11]
    populate room: [50 24]
    populate room: [42 7]
    populate room: [70 8]
    populate room: [11 27]
    populate room: [24 10]
    populate room: [61 13]
    populate room: [45 2]
    populate room: [5 20]
    populate room: [76 8]
    populate room: [5 27]
    populate room: [38 2]
    populate room: [33 2]
    populate room: [17 10]
    populate room: [61 25]
    populate room: [55 15]
    populate room: [6 12]
  loot bag: 3 items
  rooms populated, running update-fov
  generate-floor done
generate-floor 79 30 depth: 1 seed-input: 6
  rooms: 27 player-pos: [65 5]
  populating rooms
    populate room: [10 27]
    populate room: [12 19]
    populate room: [61 10]
    populate room: [16 5]
    populate room: [71 23]
    populate room: [51 12]
    populate room: [39 24]
    populate room: [27 23]
    populate room: [59 22]
    populate room: [46 8]
    populate room: [47 10]
    populate room: [68 18]
    populate room: [73 4]
    populate room: [6 23]
    populate room: [35 19]
    populate room: [75 11]
    populate room: [22 17]
    populate room: [44 4]
    populate room: [58 5]
    populate room: [53 5]
    populate room: [9 2]
    populate room: [37 3]
    populate room: [2 3]
    populate room: [30 4]
    populate room: [40 16]
    populate room: [60 17]
  loot bag: 6 items
  rooms populated, running update-fov
  generate-floor done
generate-floor 79 30 depth: 1 seed-input: 7
  rooms: 24 player-pos: [8 9]
  populating rooms
    populate room: [58 26]
    populate room: [4 19]
    populate room: [68 23]
    populate room: [65 12]
    populate room: [41 6]
    populate room: [23 22]
    populate room: [36 26]
    populate room: [15 21]
    populate room: [46 21]
    populate room: [31 26]
    populate room: [57 11]
    populate room: [61 18]
    populate room: [36 2]
    populate room: [22 2]
    populate room: [76 25]
    populate room: [74 14]
    populate room: [71 19]
    populate room: [3 7]
    populate room: [63 27]
    populate room: [13 3]
    populate room: [3 3]
    populate room: [52 4]
    populate room: [17 14]
  loot bag: 5 items
  rooms populated, running update-fov
  generate-floor done
generate-floor 79 30 depth: 1 seed-input: 8
  rooms: 26 player-pos: [37 23]
  populating rooms
    populate room: [73 6]
    populate room: [7 6]
    populate room: [10 21]
    populate room: [35 26]
    populate room: [18 6]
    populate room: [19 26]
    populate room: [18 7]
    populate room: [67 19]
    populate room: [24 26]
    populate room: [75 23]
    populate room: [40 8]
    populate room: [68 4]
    populate room: [5 16]
    populate room: [45 24]
    populate room: [62 3]
    populate room: [50 24]
    populate room: [25 10]
    populate room: [14 26]
    populate room: [56 3]
    populate room: [70 23]
    populate room: [63 23]
    populate room: [7 27]
    populate room: [69 11]
    populate room: [59 12]
    populate room: [70 15]
  loot bag: 6 items
  rooms populated, running update-fov
  generate-floor done
generate-floor 79 30 depth: 1 seed-input: 9
  rooms: 26 player-pos: [14 3]
  populating rooms
    populate room: [62 6]
    populate room: [43 5]
    populate room: [72 20]
    populate room: [24 27]
    populate room: [31 8]
    populate room: [32 22]
    populate room: [67 12]
    populate room: [64 23]
    populate room: [11 6]
    populate room: [36 6]
    populate room: [75 14]
    populate room: [14 27]
    populate room: [22 9]
    populate room: [18 22]
    populate room: [56 23]
    populate room: [26 15]
    populate room: [15 11]
    populate room: [60 18]
    populate room: [10 21]
    populate room: [58 14]
    populate room: [7 12]
    populate room: [6 27]
    populate room: [71 4]
    populate room: [3 5]
    populate room: [4 23]
  loot bag: 6 items
  rooms populated, running update-fov
  generate-floor done
generate-floor 79 30 depth: 1 seed-input: 10
  rooms: 21 player-pos: [1 8]
  populating rooms
    populate room: [15 14]
    populate room: [48 8]
    populate room: [24 25]
    populate room: [72 25]
    populate room: [30 24]
    populate room: [60 9]
    populate room: [66 20]
    populate room: [6 8]
    populate room: [21 18]
    populate room: [39 8]
    populate room: [39 26]
    populate room: [39 10]
    populate room: [5 24]
    populate room: [45 17]
    populate room: [74 19]
    populate room: [12 9]
    populate room: [32 2]
    populate room: [13 25]
    populate room: [20 10]
    populate room: [2 19]
  loot bag: 4 items
  rooms populated, running update-fov
  generate-floor done
generate-floor 79 30 depth: 1 seed-input: 11
  rooms: 25 player-pos: [17 10]
  populating rooms
    populate room: [70 26]
    populate room: [68 5]
    populate room: [46 7]
    populate room: [49 20]
    populate room: [43 13]
    populate room: [73 24]
    populate room: [68 5]
    populate room: [8 19]
    populate room: [26 23]
    populate room: [41 22]
    populate room: [38 6]
    populate room: [61 26]
    populate room: [29 5]
    populate room: [52 27]
    populate room: [13 15]
    populate room: [64 13]
    populate room: [8 8]
    populate room: [36 13]
    populate room: [56 2]
    populate room: [44 26]
    populate room: [38 26]
    populate room: [6 13]
    populate room: [19 3]
    populate room: [2 7]
  loot bag: 3 items
  rooms populated, running update-fov
  generate-floor done
generate-floor 79 30 depth: 1 seed-input: 12
  rooms: 27 player-pos: [24 21]
  populating rooms
    populate room: [39 26]
    populate room: [56 11]
    populate room: [30 8]
    populate room: [43 7]
    populate room: [62 13]
    populate room: [5 11]
    populate room: [37 5]
    populate room: [37 20]
    populate room: [14 18]
    populate room: [63 22]
    populate room: [66 24]
    populate room: [70 11]
    populate room: [33 26]
    populate room: [30 2]
    populate room: [52 22]
    populate room: [21 26]
    populate room: [49 7]
    populate room: [2 9]
    populate room: [38 1]
    populate room: [68 7]
    populate room: [57 7]
    populate room: [23 2]
    populate room: [19 9]
    populate room: [74 16]
    populate room: [47 2]
    populate room: [13 26]
  loot bag: 5 items
  rooms populated, running update-fov
  generate-floor done
generate-floor 79 30 depth: 1 seed-input: 13
  rooms: 29 player-pos: [46 9]
  populating rooms
    populate room: [18 24]
    populate room: [35 22]
    populate room: [24 24]
    populate room: [43 20]
    populate room: [73 8]
    populate room: [73 20]
    populate room: [37 19]
    populate room: [64 24]
    populate room: [14 6]
    populate room: [61 15]
    populate room: [69 3]
    populate room: [62 2]
    populate room: [54 2]
    populate room: [62 5]
    populate room: [75 3]
    populate room: [46 3]
    populate room: [19 7]
    populate room: [39 1]
    populate room: [9 7]
    populate room: [68 11]
    populate room: [32 2]
    populate room: [76 11]
    populate room: [59 10]
    populate room: [8 20]
    populate room: [25 1]
    populate room: [4 26]
    populate room: [10 15]
    populate room: [60 26]
  loot bag: 5 items
  rooms populated, running update-fov
  generate-floor done
generate-floor 79 30 depth: 1 seed-input: 14
  rooms: 26 player-pos: [29 19]
  populating rooms
    populate room: [63 10]
    populate room: [20 15]
    populate room: [16 9]
    populate room: [17 22]
    populate room: [43 9]
    populate room: [64 25]
    populate room: [49 24]
    populate room: [57 13]
    populate room: [22 21]
    populate room: [49 11]
    populate room: [19 27]
    populate room: [41 3]
    populate room: [7 22]
    populate room: [59 5]
    populate room: [34 3]
    populate room: [28 7]
    populate room: [67 14]
    populate room: [49 6]
    populate room: [22 4]
    populate room: [72 24]
    populate room: [74 15]
    populate room: [11 14]
    populate room: [26 1]
    populate room: [68 5]
    populate room: [14 4]
  loot bag: 6 items
  rooms populated, running update-fov
  generate-floor done
generate-floor 79 30 depth: 1 seed-input: 15
  rooms: 23 player-pos: [37 7]
  populating rooms
    populate room: [74 7]
    populate room: [65 6]
    populate room: [31 20]
    populate room: [55 8]
    populate room: [21 26]
    populate room: [22 4]
    populate room: [5 26]
    populate room: [34 26]
    populate room: [72 5]
    populate room: [73 26]
    populate room: [33 6]
    populate room: [43 16]
    populate room: [13 5]
    populate room: [15 11]
    populate room: [27 16]
    populate room: [51 14]
    populate room: [25 11]
    populate room: [59 17]
    populate room: [58 4]
    populate room: [49 24]
    populate room: [2 20]
    populate room: [6 10]
  loot bag: 7 items
  rooms populated, running update-fov
  generate-floor done
generate-floor 79 30 depth: 1 seed-input: 16
  rooms: 26 player-pos: [62 7]
  populating rooms
    populate room: [19 4]
    populate room: [63 12]
    populate room: [74 19]
    populate room: [66 26]
    populate room: [14 8]
    populate room: [72 11]
    populate room: [21 22]
    populate room: [26 18]
    populate room: [57 5]
    populate room: [47 4]
    populate room: [52 24]
    populate room: [69 4]
    populate room: [8 26]
    populate room: [76 3]
    populate room: [17 27]
    populate room: [2 26]
    populate room: [45 23]
    populate room: [37 21]
    populate room: [31 13]
    populate room: [48 13]
    populate room: [60 20]
    populate room: [5 10]
    populate room: [45 17]
    populate room: [9 21]
    populate room: [8 16]
  loot bag: 5 items
  rooms populated, running update-fov
  generate-floor done
generate-floor 79 30 depth: 1 seed-input: 17
  rooms: 29 player-pos: [38 21]
  populating rooms
    populate room: [11 7]
    populate room: [10 25]
    populate room: [71 22]
    populate room: [41 15]
    populate room: [48 4]
    populate room: [6 8]
    populate room: [5 11]
    populate room: [56 25]
    populate room: [67 9]
    populate room: [19 22]
    populate room: [51 18]
    populate room: [28 22]
    populate room: [43 2]
    populate room: [6 17]
    populate room: [36 2]
    populate room: [14 17]
    populate room: [45 20]
    populate room: [27 2]
    populate room: [18 2]
    populate room: [75 9]
    populate room: [3 27]
    populate room: [2 15]
    populate room: [54 2]
    populate room: [4 20]
    populate room: [68 16]
    populate room: [49 27]
    populate room: [4 3]
    populate room: [60 17]
  loot bag: 5 items
  rooms populated, running update-fov
  generate-floor done
generate-floor 79 30 depth: 1 seed-input: 18
  rooms: 27 player-pos: [16 24]
  populating rooms
    populate room: [38 21]
    populate room: [34 18]
    populate room: [39 4]
    populate room: [69 6]
    populate room: [10 9]
    populate room: [39 25]
    populate room: [75 5]
    populate room: [63 4]
    populate room: [74 25]
    populate room: [43 20]
    populate room: [28 12]
    populate room: [52 13]
    populate room: [29 4]
    populate room: [21 15]
    populate room: [17 11]
    populate room: [6 15]
    populate room: [13 17]
    populate room: [70 18]
    populate room: [45 14]
    populate room: [2 17]
    populate room: [4 21]
    populate room: [62 20]
    populate room: [20 6]
    populate room: [12 3]
    populate room: [44 4]
    populate room: [39 12]
  loot bag: 6 items
  rooms populated, running update-fov
  generate-floor done
generate-floor 79 30 depth: 1 seed-input: 19
  rooms: 28 player-pos: [48 21]
  populating rooms
    populate room: [74 12]
    populate room: [45 12]
    populate room: [29 9]
    populate room: [26 8]
    populate room: [27 9]
    populate room: [24 24]
    populate room: [44 12]
    populate room: [19 8]
    populate room: [64 18]
    populate room: [18 18]
    populate room: [18 3]
    populate room: [11 19]
    populate room: [16 25]
    populate room: [44 26]
    populate room: [13 9]
    populate room: [38 27]
    populate room: [10 3]
    populate room: [59 14]
    populate room: [67 8]
    populate room: [5 19]
    populate room: [5 4]
    populate room: [4 8]
    populate room: [32 26]
    populate room: [9 26]
    populate room: [26 3]
    populate room: [34 3]
    populate room: [3 25]
  loot bag: 4 items
  rooms populated, running update-fov
  generate-floor done
