merge [{:a 4, :b 2, :c 3, :d 5} nil {:x 1, :y 2, :z 3, :w 4, :v 5}]
merge-with [{:a 8, :b 7, :c 6} {:a [1]} nil nil]
update-in [{:e {1 {:hp 20, :inv []}}} {:e {1 {:hp 10, :inv [:a :b :c]}}} {:e {1 {:hp 10, :inv []}, 2 {:n 10}}}]
update [{:n 22} {:v [1 2 3 4]}]
map-n [(111 222 333) ([1 :a "x" nil] [2 :b "y" nil]) ()]
map-n-lazy [(100 103 106) 3]
mapv-n [[11 22 33] [[1 3 5 7] [2 4 6 8]] []]
mapcat-n (1 :a 2 :b 3 :c)
concat-n [(1 2 3 4 5 6) (1 2 3) (1 2 3 4 5)]
interleave-n (1 :a "x" 2 :b "y" 3 :c "z")
max-min-n [11 0 5 1]
arith-n [36 720 85]
str-20 "1234567891011121314151617181920"
str-mixed "a:bc12.5true[1]{:k 1}(1 2)z"
vector-n [[1 2 3 4 5 6 7] 33]
hash-map-n {:a 1, :b 2, :c 3, :d 4, :e 5}
list-n [(1 2 3 4 5 6) let-go.lang.PersistentList 9 true]
ctor-values [([1 3] [2 4]) ((1 3 5 7 9) (2 4 6 8 10)) #{2 1 3} ({:a 1} {:b 2})]
assoc-n {:a 1, :b 2, :c 3, :d 4, :e 5, :f 6}
conj-n [[1 2 3 4 5 6] (5 4 3 2 1) #{2 1 3 4 5}]
max-key-n [1 2 3 4]
distinct?-n [true false]
apply-max-1000 999
