rest-direct [nil (1) (1 2 3)]
rest-fixed [[:a nil] [:a (:b)] [1 2 nil] [1 2 (3 4 5 6 7)]]
rest-type [let-go.lang.PersistentList nil true true 3]
rest-eq-hash [true true true]
rest-conj [(0 1 2) "(1 2)" (2 3) nil]
rest-value [nil (1 2 3 4 5 6) ([1 nil] [2 nil]) [[1 2 nil] [1 2 (3)]]]
closure-capture [10 16 55]
anon [nil (1 2 3) [4 (5 6)]]
multi [:zero [:one 1] [:many 1 2 nil] [:many 1 2 (3 4 5)]]
multi-anon [[:x 1] [:xr 1 (2)] [:xr 1 (2 3)]]
recur [(1 2 3) (1 2 3 :x) nil]
recur-sum 55
rest-destructure [[1 nil nil nil] [1 2 nil (2)] [1 2 3 (2 3 4)]]
rest-kwargs [[1 nil 9] [1 2 9] [1 4 3]]
anon-rest-destructure [2 1]
self-apply 7
arity-few "ExecutionError: function <fn need2 > expected at least 2 args, got 1"
arity-few-value "ExecutionError: function <fn need2 > expected at least 2 args, got 0"
arity-multi "ExecutionError: function <mfn amv > doesn't have a 0-arity variant"
arity-apply "ExecutionError: function <fn need2 > expected at least 2 args, got 1"
arity-anon "ExecutionError: function <fn > expected at least 3 args, got 2"
