[1;31merror:[0m compiling def value
  [1;34m-->[0m corpus/review/fixed/bug-11-recur-arity.lg:22:1
    [1;34m|[0m
 [1;34m22[0m [1;34m|[0m (defn f [n] (if (zero? n) 0 (recur)))
    [1;34m|[0m [1;31m^^^[0m
caused by: compiling fn body
caused by: compiling if else branch
caused by: recur argument count must match function argument count
