start
[1;31merror:[0m compiling def value
  [1;34m-->[0m corpus/review/fixed/bug-11-throw-before-defn.lg:23:1
    [1;34m|[0m
 [1;34m23[0m [1;34m|[0m (defn g [] (h))
    [1;34m|[0m [1;31m^^^[0m
caused by: compiling fn body
caused by: compiling function position
caused by: Can't resolve h in this context
  [1;34m-->[0m corpus/review/fixed/bug-11-throw-before-defn.lg:23:12
    [1;34m|[0m
 [1;34m23[0m [1;34m|[0m (defn g [] (h))
    [1;34m|[0m            [1;31m^^^[0m
