two-a cannot compare let-go.lang.Keyword and let-go.lang.Int
two-b cannot compare let-go.lang.Int and let-go.lang.Keyword
mid cannot compare let-go.lang.String and let-go.lang.Int
tail cannot compare let-go.lang.Keyword and let-go.lang.Int
nil-first cannot compare let-go.lang.Keyword and let-go.lang.Int
str-kw cannot compare let-go.lang.Keyword and let-go.lang.String
list cannot compare let-go.lang.String and let-go.lang.Int
block-edge cannot compare let-go.lang.Keyword and let-go.lang.Int
merge-phase cannot compare let-go.lang.Keyword and let-go.lang.Int
deep cannot compare let-go.lang.Int and let-go.lang.String
calls 62 [[3 5] [9 5] [1 9] [1 5] [1 3] [7 9] [7 5] [2 9] [2 7] [2 5] [2 3] [2 1] [8 9] [8 7] [6 9] [6 8] [6 7] [6 5] [4 9] [4 8] [4 7] [4 6] [4 5] [4 3] [0 9] [0 8] [0 7] [0 6] [0 5] [0 4] [0 3] [0 2] [0 1] [11 9] [13 11] [12 13] [12 11] [10 13] [10 12] [10 11] [10 9] [15 13] [14 15] [14 13] [19 15] [17 19] [17 15] [16 19] [16 17] [16 15] [18 19] [18 17] [20 21] [23 21] [22 23] [22 21] [21 10] [20 11] [21 16] [20 17] [21 19] [20 19]]
bool-cmp cannot compare let-go.lang.String and let-go.lang.Int
ok (1 2 3) (29 28 27 26 25 24 23 22 21 20 19 18 17 16 15 14 13 12 11 10 9 8 7 6 5 4 3 2 1 0)
[1;31merror:[0m cannot compare let-go.lang.String and let-go.lang.Int
  [1;34m-->[0m corpus/wasm/gaps/gap-sort-pair.lg:26:1
    [1;34m|[0m
 [1;34m26[0m [1;34m|[0m (sort [1 2 "x" 3])
    [1;34m|[0m [1;31m^^^[0m

[1mstack trace:[0m
  at sort (corpus/wasm/gaps/gap-sort-pair.lg:26:1)
