multi 9 12 6
wrong-arity :caught
wrong-arity-anon :caught
single :caught
single-named :caught
not-fn TypeError: let-go.lang.Int is not a function  TypeError: nil is not a function  TypeError: let-go.lang.Boolean is not a function  TypeError: let-go.lang.String is not a function 
defn-as-value 30 :caught
defn-direct-arity :caught
core-as-value 4 2 42 true
