tr8-keys [:a :b :c :d :e :f :g :h]
tr9-keys [:b :g :e :f :a :c :h :d :i]
tr-hash [1150055799 2087996111]
transient-get [1 2]
transient-dissoc {:g 7, :e 5, :f 6, :c 3, :h 8, :d 4, :i 9}
transient-grow 100
transient-vec-assoc [1 :x 3]
group-by-kind [(:bat :item :player :rat) 2]
frequencies [2 1 4]
frequencies-ints {1 3, 2 2, 3 1}
roll-freq {2 12, 5 11, 4 8, 1 11, 3 8, 0 10}
