meta-vec {:tag :v}
meta-map {:tag :m}
meta-set {:tag :s}
meta-list {:tag :l}
meta-none [nil nil nil nil nil]
keep-conj-vec {:tag :v}
keep-assoc-vec {:tag :v}
keep-pop-vec {:tag :v}
keep-assoc-map {:tag :m}
keep-dissoc-map {:tag :m}
keep-conj-set {:tag :s}
keep-conj-list {:tag :l}
keep-pop-list nil
keep-update {:tag :m}
drop-rest nil
drop-seq nil
drop-into nil
drop-vec nil
drop-subvec nil
drop-map nil
drop-persistent nil
drop-rest-list nil
drop-next-list nil
keep-into-target nil
vary-meta {:tag :v, :extra 1}
replace-meta {:new true}
nil-meta nil
meta-fn {:doc "dbl"}
meta-kw-eq [false {:m 1}]
atom-meta-kept [[1 2 3] {:tag :v}]
