nth-oob-vec "nth index out of bounds"
nth-oob-neg "nth index out of bounds"
nth-oob-list "nth index out of bounds"
nth-oob-str "nth index out of bounds"
count-kw "count expected Counted"
first-int "first expected Seq"
seq-int "seq expected Seqable"
subs-oob "string index out of range"
pop-empty "can't pop empty vector"
