deref 0
swap-inc 1
swap-args 11
swap-args2 14
reset 100
after-reset 100
map-atom {:n 1, :log [:a], :k "v"}
map-atom-fn 10
vec-atom-count 40
vec-atom-last 39
ids [1 2 3]
atom-in-closure 2
atom-of-nil nil
meta-value-eq [true true true true]
meta-hash-eq [true true]
meta-pr [[1 2] {:a 1} #{1} (1 2)]
meta-fn-call 42
with-meta-scalar ["s"]
type-vec-meta [let-go.lang.ArrayVector let-go.lang.PersistentVector]
meta-conj-val [[1 2 3] {:a 1, :b 2} #{2 1} (0 1 2)]
meta-ops-val [[1] {} (2) 1 2 1]
meta-seq-val [(seq [1 2]) ([:a 1]) [1] [1 2]]
meta-as-key :found
meta-in-set true
meta-str ["[1 2]" "{:a 1}" "(1 2)"]
meta-fn-map [2 4 6]
meta-fn-apply 10
meta-kw-like true
world-turn 5
world-hp 5
world-untouched {:hp 7}
atom-reset-coll [:x]
doseq-swap 45
atom-of-atom 1
inner-swap 2
swap-returns-new true
atom-eq-identity [true false]
swap-with-closure 6
