apply-+ 10
apply-prefix 10
apply-str "ab:c"
apply-max 9
apply-min 2
apply-conj [1 2]
apply-closure 7
apply-empty 0
my-partial 15
my-comp 11
my-comp-map ("2" "3")
comp-chain 5
complement (1 2)
identity (1 nil :a)
lookup [1 [2 3] :missing]
vec-closure (101 103)
counters [1 2 1 3]
capture-set (2 5 7)
capture-big-vec 77
nested-capture true
nested-capture-call [1 2 3]
capture-shadow [1 2]
letfn-like [true false]
dispatch [5 6 -4]
dispatch-map [3 12]
handlers {:pos 1, :hp 8}
fn-in-vec 9
fn-equality [true false]
four-direct [1 2 3 4]
four-via-var [:a :b :c :d]
four-apply [1 2 3 4]
four-closure 10
multi-arity [:zero [:one 1] [:two 1 2] [:three 1 2 3]]
multi-as-value ([:one 1] 2)
anon-pct (1 4 9)
reduce-closure 285
reduce-build-map {1 2, 2 4, 3 6}
reduce-capture 18
reduce-fn-acc 3
reduce-early [0 1 2 3 4]
reduce-over-map 6
reduce-strings ":a-:b-"
twice 2
twice-twice 4
memo-like [16 16 1]
loop-closures [0 10 20 30]
lazy-closures (100 101 102)
closure-over-closure (6 7)
closure-count 50
