cond [:nil :str :kw :vec :map :other]
case [1 2 3 :four :five-or-six :five-or-six :vec :nil :default]
case-int [:zero :one :many]
case-sym :sym
case-char 2
condp [:one :two :other]
condp-lt [:big :mid :small]
cond-thread {:a 1, :b 2}
cond-thread-last (2 3 4)
if-let [[:got 1] :none]
when-let [10 nil]
if-let-false :f
when-some [[:some false] nil]
if-some :none
if-let-destr 3
when-not [:ran nil]
if-not :nonempty
loop-vec-destr 10
loop-pair-destr 55
loop-map-destr [0 1 2]
let-destr-vec [1 2 (3 4)]
let-destr-nested [1 2 3]
let-destr-map [1 9]
let-destr-keys [1 2 3]
let-destr-strs 5
let-destr-as [1 [1 2]]
fn-destr 1
fn-destr-vec ("a=1" "b=2")
destr-missing [1 nil nil]
doseq [1 4 9]
doseq-nested [[1 :a] [1 :b] [2 :a] [2 :b]]
doseq-destr [:a :b]
dotimes [0 1 2 3 4]
for (10 20 30)
for-nested ([1 :a] [1 :b] [2 :a] [2 :b])
for-when (0 2 4 6 8)
for-let ([1 1] [2 4])
for-while (0 1 2 3 4 5 6 7 8 9)
for-destr (":a1" ":b2")
doseq-returns nil
thread-first {:a 2}
thread-last 34
some-thread [2 nil]
as-thread [11]
doto-like [1 2]
and-or [2 nil 3 nil true nil]
not [true false false true]
boolean [false true true]
truthy-colls [:t :t :t :t :t :f :f]
while 5
loop-early-return [:found -1]
nested-loops [0 1 3]
