info-msg "boom"
info-data {:a 1, :v [1 2]}
info-data-nested {:m {:n {:o #{1}}}}
info-empty-data {}
info-both ["both" {:k :v}]
info-cause ["outer" "inner" {:i 2}]
info-no-cause nil
info-str-msg "n=42"
ex-message-5 "5"
ex-message-str "s"
ex-message-nil nil
ex-data-nil [nil nil nil]
throw-kw [:caught :oops]
throw-map 7
throw-str "plain"
throw-int 43
throw-vec-msg "[1 2]"
exception-skips-kw [:outer :k]
throw-nil-in-fn "in fn"
finally-normal :body
finally-trail [:body :fin]
finally-throw :outer-catch
finally-throw-trail [:body :fin :outer-catch]
finally-catch :catch
finally-catch-trail [:catch :fin]
finally-value-ignored 1
nested-rethrow ["b" {:from "a"}]
loop-try [0 :odd 2 :odd]
catch-throwable :throwable
catch-ex-info-class :exinfo
catch-first-match :first
no-throw-no-catch :ok
arity-fn "> expected 2 args, got 1"
arity-defn "> expected 1 args, got 2"
not-a-fn "TypeError: let-go.lang.Int is not a function "
nil-call "TypeError: nil is not a function "
add-type "cannot add let-go.lang.Int and let-go.lang.String"
add-nil "cannot add nil and let-go.lang.Int"
cmp-type "cannot compare let-go.lang.Int and let-go.lang.Keyword"
nth-default-ok :nf
assoc-vec-oob "assoc failed for key 5"
assoc-non-assoc "assoc expected Associative"
assoc-list "assoc expected Associative"
quot-zero "divide by zero"
overflow "ExecutionError: integer overflow"
peek-empty nil
keyword-call-arity "wrong number of arguments 0"
get-in-non-map nil
conj-on-int "conj expected Collection"
validate-ok 3
validate-bad ["negative" [:hp] -3]
errors-in-map [1 :bad 2]
