r-int 42
r-neg -17
r-plus 5
r-big 9223372036854775807
r-minlong -9223372036854775808
r-float 1.5
r-float-exp 10000000000.0
r-float-neg-exp -0.0025
r-float-neg0 -0.0
r-nan NaN
r-inf +Inf
r-ninf -Inf
r-nil nil
r-true true
r-false false
r-str "hello"
r-str-esc "a\nb\t\"q\\"
r-str-uni "日本"
r-str-u "A"
r-char \a
r-char-named \newline
r-char-space \space
r-kw :k
r-kw-ns :ns/k
r-sym foo
r-sym-ns ns/foo
r-sym-punct a->b?
r-vec [1 2 3]
r-vec-empty []
r-list (1 2 3)
r-list-empty ()
r-map {:a 1, :b 2}
r-map-empty {}
r-map-9 {:b 2, :g 7, :e 5, :f 6, :a 1, :c 3, :h 8, :d 4, :i 9}
r-set #{2 1 3}
r-set-empty #{}
r-nested {:a [1 {:b #{:c}}], :d ("s" \x)}
r-commas [1 2 3]
r-ws [1 2]
r-comment [1 2]
r-discard [1 3]
r-quote (quote x)
r-first-form 1
r-deep [[[[[[1]]]]]]
types ["let-go.lang.Int" "let-go.lang.Float" "let-go.lang.String" "let-go.lang.Keyword" "let-go.lang.Symbol" "let-go.lang.ArrayVector" "let-go.lang.Map" "let-go.lang.Set" "let-go.lang.Character" ""]
count-read [3 1 2]
eq-read [true true true]
hash-read [true true]
map-order-read [:b :g :e :f :a :c :h :d :i]
rt-scalars [true true true true true true true true true true true]
rt-colls [true true true true true true true]
rt-floats [true true true true true]
rt-seed {:seed 12345, :depth 3, :name "dungeon"}
e-empty ERR Syntax error reading source at (<read-string>:1:1).
unexpected error
	caused by Syntax error reading source at (<read-string>:1:1).
unexpected error
	caused by EOF
e-unclosed-vec ERR Syntax error reading source at (<read-string>:1:5).
unexpected error
	caused by Syntax error reading source at (<read-string>:1:5).
unexpected error
	caused by EOF
e-unclosed-map ERR Syntax error reading source at (<read-string>:1:6).
unexpected error
	caused by Syntax error reading source at (<read-string>:1:6).
unexpected error
	caused by EOF
e-unclosed-str ERR Syntax error reading source at (<read-string>:1:5).
unexpected error
	caused by EOF
e-unmatched ERR Syntax error reading source at (<read-string>:1:2).
unmatched delimiter )
e-odd-map ERR Syntax error reading source at (<read-string>:1:5).
map literal must contain even number of forms
e-bad-char ERR Syntax error reading source at (<read-string>:1:10).
invalid char constant \notachar
e-dup-set ERR Syntax error reading source at (<read-string>:1:7).
Duplicate key: 1
e-dup-map ERR Syntax error reading source at (<read-string>:1:12).
duplicate key in map literal: :a
e-ws-only ERR Syntax error reading source at (<read-string>:1:4).
unexpected error
	caused by Syntax error reading source at (<read-string>:1:4).
unexpected error
	caused by EOF
cmd-1 {:cmd teleport, :args [3 4]}
cmd-2 {:cmd :give, :args [:sword 2]}
cmd-3 {:cmd seed, :args ["abc"]}
