r2-01-hash-empty-vec [1364076727 193999046]
r2-01-set-order "#{:b :a [] :c}"
r2-01-contains [false false]
r2-08-seq-hash [1478910143 21144969 21144969]
r2-03-seq-v33-str "(seq [0 1 2 "
r2-03-seq-v33-type "let-go.lang.Sequence"
r2-03-rest-v33 "(seq [0 "
r2-09-meta-vec-modes ["[{:a 1 :b 2} \"s\"]" "[{:a 1 :b 2} \"s\"]" "[{:a 1 :b 2} \"s\"]"]
r2-09-v33-nested " :b 2}]"
r2-09-repeat-modes ["(\"s\" \"s\")" "(\"s\" \"s\")" "(\"s\" \"s\")"]
r2-02-first "boom"
r2-02-second "boom"
r2-02-runs 1
r2-02-realized true
r2-14-sort-repeat "sort expected a Collection"
r2-14-sort-chunked "sort expected a Collection"
r2-14-sort-range (0 1 2)
r2-04-seq-tmap ([:a 1])
r2-04-reduce-tmap [[:a 1]]
r2-04-nth-tmap [:a 1]
r2-11-first-type "first expected Seq"
r2-11-apply-int-note :see-pending-review-traps
r2-11-nth-type-default :nf
r2-15-assoc-failed "assoc failed for key {:a 1 :b 2}"
r2-13-type-of-type ["let-go.lang.Repeat" "let-go.lang.Type"]
r2-16-nan-hash [3363640502 3505668245 NaN]
r2-R5-map-seq-hash [450139980 2235393319]
r1-02-dce-overflow "ExecutionError: integer overflow"
r1-02-dce-type "cannot add let-go.lang.String and let-go.lang.Int"
r1-03-licm 0
r1-04-shadow-minus 6
r1-05-note :user-redefinition-of-core-ops-is-refused-by-name-per-D71
r1-07-tail-1e5 100000
r1-07-mutual-1e5 :pong
r1-gap02-print-atom "<let-go"
r1-gap02-print-ex "x"
