lit8 [:b :g :e :f :a :c :h :d]
lit9 [:b :g :e :f :a :c :h :d :i]
conj8 [:b :g :e :f :a :c :h :d]
conj9 [:b :g :e :f :a :c :h :d :i]
into9 [:b :g :e :f :a :c :h :d :i]
set9 [:b :g :e :f :a :c :h :d :i]
hs9 [:b :g :e :f :a :c :h :d :i]
tr9 [:b :g :e :f :a :c :h :d :i]
eq-paths [true true true true true true]
hash-paths [2853078730 true]
hash-8 [462949571 true]
i40 [0 16 11 13 20 24 8 2 31 35 37 39 27 1 15 10 3 26 38 33 30 28 6 21 18 12 4 5 9 17 22 19 23 34 36 14 7 25 32 29]
s12 ["s9" "s4" "s3" "s11" "s1" "s8" "s7" "s2" "s5" "s0" "s10" "s6"]
mixed-count 12
mixed-members [true true true true true true true]
mixed-hash 2858155052
contains [true false false true]
get [:a nil :d nil]
set-as-fn [:b nil false nil]
kw-on-set [:a :nf]
count [0 8 9 40]
conj-dup 9
conj-multi [2 1 3]
conj-nil #{nil}
collide-count 12
collide-order [4611686018427387904 2.0 :kby0z :kcxik [97] [\a] "snpfo" "s6rja" 97 \a "xe2tiazy" :z1]
collide-members [true true true true true false]
collide-small [97 \a]
seq-empty nil
first :only
reduce 780
map-inc (2 3 4)
filter (36 37 38 39)
into-vec [1 2 3]
sort-set (:a :b :c :d :e :f :g :h :i)
union (1 2 3 4 5)
intersection (3 4)
union-9 [:b :g :e :f :a :c :h :d :i]
eq [true false true true false true]
eq-nested true
hash-small [0 3326454409 2240621349 1512986234]
hash-order-indep true
set? [true true false false]
str "#{1}"
pr-nested #{[1 #{2}]}
as-key :v
eq-vec-vs-list-member [false false true]
