lit-empty []
lit-ints [1 2 3]
lit-mixed [nil true false 1 -1 "s" :k sym \c 2.5]
lit-nested [[] [[]] [[1] [2 [3]]]]
lit-computed [2 12 "ab"]
vector-0 []
vector-1 [1]
vector-4 [1 2 3 4]
vec-list [1 2 3]
vec-range [0 1 2 3 4]
vec-nil []
vec-str [\a \b \c]
vec-map [[:a 1]]
vec-set-count 3
count-32 32
count-33 33
count-1057 1057
nth-32-edges [0 31]
nth-33-edges [31 32]
nth-1057-edges [0 31 32 1023 1024 1055 1056]
peek-sizes [nil 1 31 32 1056]
conj-multi [1 2 3 4]
conj-nil (1)
v33 [0 1 2 3 4 5 6 7 8 9 10 11 12 13 14 15 16 17 18 19 20 21 22 23 24 25 26 27 28 29 30 31 32]
assoc-0 [:a 2 3]
assoc-end [1 2 3 :d]
assoc-33 :x
assoc-1057 [:y :z 1058]
assoc-keeps-orig [500 1056]
assoc-multi [1 0 3]
nth-default-hit 2
nth-default-miss [:nf :nf :nf]
get [1 nil :d nil]
vec-as-fn [30 1000]
subvec-mid [1 2]
subvec-tail [2 3 4]
subvec-empty []
subvec-1057 [1050 1051 1052 1053 1054 1055 1056]
subvec-count 1040
subvec-conj [1 :x]
subvec-nth 1056
pop-1 []
pop-3 [1 2]
pop-33 32
pop-33-peek 31
pop-1057 [1056 1055]
pop-1057-x33 1023
into-vec [1 2 3]
into-list-src [1 2 3]
into-xform [2 3 4]
into-filter-xform [0 2 4 6 8]
into-map-entries [[:a 1]]
mapv-1 [2 3 4]
mapv-str ["1" ":a" "b" ""]
mapv-1057 559153
seq (1 2 3)
seq-empty nil
seq-33 (30 31 32)
first-rest [0 1 32]
next [nil (2)]
last [32 1056]
seq-sum-1057 558096
eq-paths [true true true true true true]
hash-paths true
hash-a1 3029617012
hash-33 [331161326 true]
hash-1057 1390766265
eq-1057 true
neq [false false true false]
reverse (3 2 1)
reverse-empty ()
sort-ints (-5 0 1 2 3 10)
sort-strs ("apple" "fig" "pear")
sort-kws (:a :b :c)
sort-cmp (3 2 1)
sort-vecs ([0 5] [1 1] [1 2])
sort-33 (32 31 30 29 28)
str-vec "[1 \"a\" :b]"
vector? [true false true false]
empty [true false nil]
contains [true false false]
count-nested 2
into-filter-xform [0 2 4 6 8]
even-odd [true false true false]
filter-odd (1 3 5 7 9)
loop-try-odd [0 :odd 2 :odd]
pop-1057-x33 1023
iterate-take (0 1 2 3 4)
iterate-double 1099511627776
iterate-take-count [[0 1 2] 3]
