update-in-fn 7
update-in-conj-fn [:torch :key]
get-in-entity {:id 2, :kind :rat, :x 5, :y 3, :hp 3}
get-in-field 10
get-in-missing [nil 0]
get-in-vec :torch
assoc-in {:id 2, :kind :rat, :x 5, :y 3, :hp 1}
assoc-in-new-path {:seen {3 true}}
update-turn 1
total-hp 19
reduce-kv-ids (1 2 3 4 5)
reduce-destr {1 :player, 2 :rat, 3 :rat, 4 :bat, 5 :item}
into-map {1 10, 2 3, 3 2, 4 4}
into-sorted-ids [1 2 3 4 5]
rats (2 3)
count-by-kind-or {:player 1, :rat 2, :bat 1, :item 1}
group-by-hand [(:bat :item :player :rat) (2 3)]
sort-by-x (3 1 5 2 4)
sort-by-fn (1 2 3 5 4)
sort-by-cmp (3 5 1 2 4)
sort-by-vec-key (4 1 2 5 3)
apply-max-4 9
reduce-max 9
reduce-min 0
distinct-kinds (:bat :item :player :rat)
some-entity-at 5
every-alive true
turn-count 3
turn-rats [{:x 2, :y 3} {:x 2, :y 4}]
turn-log [[:turn 0] [:turn 1] [:turn 2]]
reaped [1 3 4 5]
dissoc-in-like [1 3 5]
player-unchanged true
world-hash-stable true
rolls [4 5 4 5 2 5 4 3 2 5 0 1]
spawn-map {0 {:kind :rat, :hp 1}, 1 {:kind :bat, :hp 4}, 2 {:kind :bat, :hp 5}, 3 {:kind :bat, :hp 4}, 4 {:kind :rat, :hp 1}}
neighbours ([1 2] [1 3] [1 4] [2 2] [2 4] [3 2] [3 3] [3 4])
seen-count 12
seen-has [true false]
occupied #{[1 7] [4 4] [9 0] [5 3] [2 3]}
keep-hp (2 3 4 10)
blocked? [true false]
assoc-in-vec-path {:rows [[0 0] [7 0]]}
entity-at [5 nil]
path-cost 10
grid-count 24
grid-row0 [1 1 1 1 1 1]
grid-row1 [1 0 0 0 0 1]
grid-sum 16
grid-aset 9
grid-vec [1 1 1 1 1 1 1 9 0 0 0 1 1 0 0 0 0 1 1 1 1 1 1 1]
update-in-missing-fn {:kills 0}
count-by-kind {:player 1, :rat 2, :bat 1, :item 1}
